â•â•â•â•â•â•â•â•â•â•â•â•â•â•â•â•â•â•â•â•â•â•â•â•â•â•â•â•â•â•â•â•â•â•â•â•â•â•â•â•â•â•â•â•â•â•â•â•â•â•â•â•â•â•â•â•â•â•â•â•â•â•â•â•â•â•â•â•â•â•â•â•â•â•â•
EJEMPLO DE USO COMPLETO - PARCHE GROUPS API
â•â•â•â•â•â•â•â•â•â•â•â•â•â•â•â•â•â•â•â•â•â•â•â•â•â•â•â•â•â•â•â•â•â•â•â•â•â•â•â•â•â•â•â•â•â•â•â•â•â•â•â•â•â•â•â•â•â•â•â•â•â•â•â•â•â•â•â•â•â•â•â•â•â•â•

PASO 1: EJECUTAR EL SCRIPT DE PARCHEO
â”€â”€â”€â”€â”€â”€â”€â”€â”€â”€â”€â”€â”€â”€â”€â”€â”€â”€â”€â”€â”€â”€â”€â”€â”€â”€â”€â”€â”€â”€â”€â”€â”€â”€â”€â”€â”€â”€â”€â”€â”€â”€â”€â”€â”€â”€â”€â”€â”€â”€â”€â”€â”€â”€â”€â”€â”€â”€â”€â”€â”€â”€â”€â”€â”€â”€â”€â”€â”€â”€â”€â”€â”€â”€â”€â”€â”€

$ python3 patch_openwebui_groups.py

Salida esperada:
======================================================================
SCRIPT DE PARCHEO: /api/groups para OpenWebUI
======================================================================

[1/4] Localizando paquete open_webui...
âœ… Paquete encontrado en: /usr/local/lib/python3.11/site-packages/open_webui

[2/4] Verificando directorio extensions...
âœ… Creado directorio: /usr/local/lib/python3.11/site-packages/open_webui/extensions
âœ… Creado __init__.py en extensions

[3/4] Escribiendo groups_api.py...
âœ… Archivo escrito: /usr/local/lib/python3.11/site-packages/open_webui/extensions/groups_api.py

[4/4] Parcheando main.py...
âœ… Parche insertado despuÃ©s de 'app = FastAPI(...)'
âœ… Archivo main.py parcheado correctamente

======================================================================
PARCHEO COMPLETADO
======================================================================

ğŸ“ Ruta parcheada: /usr/local/lib/python3.11/site-packages/open_webui
ğŸ“„ Archivos modificados:
   - /usr/local/lib/python3.11/site-packages/open_webui/extensions/groups_api.py
   - /usr/local/lib/python3.11/site-packages/open_webui/main.py

[... mÃ¡s instrucciones ...]


â•â•â•â•â•â•â•â•â•â•â•â•â•â•â•â•â•â•â•â•â•â•â•â•â•â•â•â•â•â•â•â•â•â•â•â•â•â•â•â•â•â•â•â•â•â•â•â•â•â•â•â•â•â•â•â•â•â•â•â•â•â•â•â•â•â•â•â•â•â•â•â•â•â•â•
PASO 2: CONFIGURAR VARIABLE DE ENTORNO
â”€â”€â”€â”€â”€â”€â”€â”€â”€â”€â”€â”€â”€â”€â”€â”€â”€â”€â”€â”€â”€â”€â”€â”€â”€â”€â”€â”€â”€â”€â”€â”€â”€â”€â”€â”€â”€â”€â”€â”€â”€â”€â”€â”€â”€â”€â”€â”€â”€â”€â”€â”€â”€â”€â”€â”€â”€â”€â”€â”€â”€â”€â”€â”€â”€â”€â”€â”€â”€â”€â”€â”€â”€â”€â”€â”€â”€

OpciÃ³n A - Systemd (recomendado para producciÃ³n):
$ sudo nano /etc/systemd/system/open-webui.service

Agregar dentro de [Service]:
Environment="ENABLE_GROUPS_API=true"

Recargar configuraciÃ³n:
$ sudo systemctl daemon-reload


OpciÃ³n B - Archivo .env:
$ echo "ENABLE_GROUPS_API=true" >> /path/to/your/.env


OpciÃ³n C - Docker Compose:
services:
  open-webui:
    environment:
      - ENABLE_GROUPS_API=true


â•â•â•â•â•â•â•â•â•â•â•â•â•â•â•â•â•â•â•â•â•â•â•â•â•â•â•â•â•â•â•â•â•â•â•â•â•â•â•â•â•â•â•â•â•â•â•â•â•â•â•â•â•â•â•â•â•â•â•â•â•â•â•â•â•â•â•â•â•â•â•â•â•â•â•
PASO 3: REINICIAR OPENWEBUI
â”€â”€â”€â”€â”€â”€â”€â”€â”€â”€â”€â”€â”€â”€â”€â”€â”€â”€â”€â”€â”€â”€â”€â”€â”€â”€â”€â”€â”€â”€â”€â”€â”€â”€â”€â”€â”€â”€â”€â”€â”€â”€â”€â”€â”€â”€â”€â”€â”€â”€â”€â”€â”€â”€â”€â”€â”€â”€â”€â”€â”€â”€â”€â”€â”€â”€â”€â”€â”€â”€â”€â”€â”€â”€â”€â”€â”€

$ sudo systemctl restart open-webui

O si usas Docker:
$ docker restart open-webui


â•â•â•â•â•â•â•â•â•â•â•â•â•â•â•â•â•â•â•â•â•â•â•â•â•â•â•â•â•â•â•â•â•â•â•â•â•â•â•â•â•â•â•â•â•â•â•â•â•â•â•â•â•â•â•â•â•â•â•â•â•â•â•â•â•â•â•â•â•â•â•â•â•â•â•
PASO 4: VERIFICAR EN LOGS
â”€â”€â”€â”€â”€â”€â”€â”€â”€â”€â”€â”€â”€â”€â”€â”€â”€â”€â”€â”€â”€â”€â”€â”€â”€â”€â”€â”€â”€â”€â”€â”€â”€â”€â”€â”€â”€â”€â”€â”€â”€â”€â”€â”€â”€â”€â”€â”€â”€â”€â”€â”€â”€â”€â”€â”€â”€â”€â”€â”€â”€â”€â”€â”€â”€â”€â”€â”€â”€â”€â”€â”€â”€â”€â”€â”€â”€

$ sudo journalctl -u open-webui -f

Busca esta lÃ­nea:
âœ… [/api/groups] router cargado (groups_api)

Si ves esto, el router estÃ¡ registrado correctamente.


â•â•â•â•â•â•â•â•â•â•â•â•â•â•â•â•â•â•â•â•â•â•â•â•â•â•â•â•â•â•â•â•â•â•â•â•â•â•â•â•â•â•â•â•â•â•â•â•â•â•â•â•â•â•â•â•â•â•â•â•â•â•â•â•â•â•â•â•â•â•â•â•â•â•â•
PASO 5: PROBAR ENDPOINT DE DIAGNÃ“STICO
â”€â”€â”€â”€â”€â”€â”€â”€â”€â”€â”€â”€â”€â”€â”€â”€â”€â”€â”€â”€â”€â”€â”€â”€â”€â”€â”€â”€â”€â”€â”€â”€â”€â”€â”€â”€â”€â”€â”€â”€â”€â”€â”€â”€â”€â”€â”€â”€â”€â”€â”€â”€â”€â”€â”€â”€â”€â”€â”€â”€â”€â”€â”€â”€â”€â”€â”€â”€â”€â”€â”€â”€â”€â”€â”€â”€â”€

Este endpoint NO requiere autenticaciÃ³n:

$ curl -i https://asistenteia.miceanou.com/api/groups_ping

Respuesta esperada:
HTTP/1.1 200 OK
content-type: application/json

{"ok":true}

âœ… Si obtienes 200 + {"ok": true} â†’ El router funciona
âŒ Si obtienes 404              â†’ El router no se registrÃ³ (revisar logs)


â•â•â•â•â•â•â•â•â•â•â•â•â•â•â•â•â•â•â•â•â•â•â•â•â•â•â•â•â•â•â•â•â•â•â•â•â•â•â•â•â•â•â•â•â•â•â•â•â•â•â•â•â•â•â•â•â•â•â•â•â•â•â•â•â•â•â•â•â•â•â•â•â•â•â•
PASO 6: PROBAR ENDPOINT DE GRUPOS (CON AUTENTICACIÃ“N)
â”€â”€â”€â”€â”€â”€â”€â”€â”€â”€â”€â”€â”€â”€â”€â”€â”€â”€â”€â”€â”€â”€â”€â”€â”€â”€â”€â”€â”€â”€â”€â”€â”€â”€â”€â”€â”€â”€â”€â”€â”€â”€â”€â”€â”€â”€â”€â”€â”€â”€â”€â”€â”€â”€â”€â”€â”€â”€â”€â”€â”€â”€â”€â”€â”€â”€â”€â”€â”€â”€â”€â”€â”€â”€â”€â”€â”€

6.1) Obtener token de admin:
     - Abre https://asistenteia.miceanou.com
     - Login como admin
     - F12 â†’ Network â†’ Copia header "Authorization: Bearer ..."

6.2) Hacer peticiÃ³n:

$ curl -i -H "Authorization: Bearer eyJhbGc..." \
       https://asistenteia.miceanou.com/api/groups

RESPUESTAS POSIBLES:

â”Œâ”€â”€â”€â”€â”€â”€â”¬â”€â”€â”€â”€â”€â”€â”€â”€â”€â”€â”€â”€â”€â”€â”€â”€â”€â”€â”€â”€â”€â”€â”€â”€â”€â”€â”€â”€â”€â”€â”€â”€â”¬â”€â”€â”€â”€â”€â”€â”€â”€â”€â”€â”€â”€â”€â”€â”€â”€â”€â”€â”€â”€â”€â”€â”€â”€â”€â”€â”€â”€â”€â”€â”€â”€â”€â”€â”
â”‚ CÃ³digoâ”‚ Mensaje                        â”‚ Significado                      â”‚
â”œâ”€â”€â”€â”€â”€â”€â”¼â”€â”€â”€â”€â”€â”€â”€â”€â”€â”€â”€â”€â”€â”€â”€â”€â”€â”€â”€â”€â”€â”€â”€â”€â”€â”€â”€â”€â”€â”€â”€â”€â”¼â”€â”€â”€â”€â”€â”€â”€â”€â”€â”€â”€â”€â”€â”€â”€â”€â”€â”€â”€â”€â”€â”€â”€â”€â”€â”€â”€â”€â”€â”€â”€â”€â”€â”€â”¤
â”‚ 200  â”‚ {"groups": [...]}              â”‚ âœ… TODO FUNCIONANDO             â”‚
â”‚ 401  â”‚ Unauthorized                   â”‚ âœ… Router OK, token invÃ¡lido    â”‚
â”‚ 403  â”‚ Forbidden                      â”‚ âœ… Router OK, sin permisos      â”‚
â”‚ 503  â”‚ API de grupos desactivada      â”‚ âš ï¸  Falta ENABLE_GROUPS_API     â”‚
â”‚ 500  â”‚ No se encontrÃ³ la base de datosâ”‚ âš ï¸  No existe /data/db.sqlite3  â”‚
â”‚ 404  â”‚ Not Found                      â”‚ âŒ Router no registrado         â”‚
â””â”€â”€â”€â”€â”€â”€â”´â”€â”€â”€â”€â”€â”€â”€â”€â”€â”€â”€â”€â”€â”€â”€â”€â”€â”€â”€â”€â”€â”€â”€â”€â”€â”€â”€â”€â”€â”€â”€â”€â”´â”€â”€â”€â”€â”€â”€â”€â”€â”€â”€â”€â”€â”€â”€â”€â”€â”€â”€â”€â”€â”€â”€â”€â”€â”€â”€â”€â”€â”€â”€â”€â”€â”€â”€â”˜


â•â•â•â•â•â•â•â•â•â•â•â•â•â•â•â•â•â•â•â•â•â•â•â•â•â•â•â•â•â•â•â•â•â•â•â•â•â•â•â•â•â•â•â•â•â•â•â•â•â•â•â•â•â•â•â•â•â•â•â•â•â•â•â•â•â•â•â•â•â•â•â•â•â•â•
EJEMPLO DE RESPUESTA EXITOSA
â”€â”€â”€â”€â”€â”€â”€â”€â”€â”€â”€â”€â”€â”€â”€â”€â”€â”€â”€â”€â”€â”€â”€â”€â”€â”€â”€â”€â”€â”€â”€â”€â”€â”€â”€â”€â”€â”€â”€â”€â”€â”€â”€â”€â”€â”€â”€â”€â”€â”€â”€â”€â”€â”€â”€â”€â”€â”€â”€â”€â”€â”€â”€â”€â”€â”€â”€â”€â”€â”€â”€â”€â”€â”€â”€â”€â”€

$ curl -i -H "Authorization: Bearer YOUR_TOKEN" \
       https://asistenteia.miceanou.com/api/groups

HTTP/1.1 200 OK
content-type: application/json
content-length: 156

{
  "groups": [
    {"id": 1, "name": "Administradores"},
    {"id": 2, "name": "Usuarios"},
    {"id": 3, "name": "Invitados"}
  ]
}


â•â•â•â•â•â•â•â•â•â•â•â•â•â•â•â•â•â•â•â•â•â•â•â•â•â•â•â•â•â•â•â•â•â•â•â•â•â•â•â•â•â•â•â•â•â•â•â•â•â•â•â•â•â•â•â•â•â•â•â•â•â•â•â•â•â•â•â•â•â•â•â•â•â•â•
TROUBLESHOOTING
â”€â”€â”€â”€â”€â”€â”€â”€â”€â”€â”€â”€â”€â”€â”€â”€â”€â”€â”€â”€â”€â”€â”€â”€â”€â”€â”€â”€â”€â”€â”€â”€â”€â”€â”€â”€â”€â”€â”€â”€â”€â”€â”€â”€â”€â”€â”€â”€â”€â”€â”€â”€â”€â”€â”€â”€â”€â”€â”€â”€â”€â”€â”€â”€â”€â”€â”€â”€â”€â”€â”€â”€â”€â”€â”€â”€â”€

PROBLEMA 1: "Sin permisos de escritura"
â”€â”€â”€â”€â”€â”€â”€â”€â”€â”€â”€â”€â”€â”€â”€â”€â”€â”€â”€â”€â”€â”€â”€â”€â”€â”€â”€â”€â”€â”€â”€â”€â”€â”€â”€â”€â”€â”€â”€â”€â”€
SOLUCIÃ“N:
$ sudo python3 patch_openwebui_groups.py


PROBLEMA 2: "No se pudo importar open_webui"
â”€â”€â”€â”€â”€â”€â”€â”€â”€â”€â”€â”€â”€â”€â”€â”€â”€â”€â”€â”€â”€â”€â”€â”€â”€â”€â”€â”€â”€â”€â”€â”€â”€â”€â”€â”€â”€â”€â”€â”€â”€â”€â”€â”€â”€
SOLUCIÃ“N: Activar entorno virtual correcto
$ which python3  # Debe apuntar al venv de OpenWebUI
$ source /path/to/venv/bin/activate
$ python3 patch_openwebui_groups.py


PROBLEMA 3: 404 despuÃ©s de aplicar el parche
â”€â”€â”€â”€â”€â”€â”€â”€â”€â”€â”€â”€â”€â”€â”€â”€â”€â”€â”€â”€â”€â”€â”€â”€â”€â”€â”€â”€â”€â”€â”€â”€â”€â”€â”€â”€â”€â”€â”€â”€â”€â”€â”€â”€â”€
CHECKLIST:
â–¡ Â¿Reiniciaste el servidor?
â–¡ Â¿Los logs muestran "router cargado"?
â–¡ Â¿Existe extensions/groups_api.py?
â–¡ Â¿El parche estÃ¡ en main.py entre los marcadores?


PROBLEMA 4: 503 "API de grupos desactivada"
â”€â”€â”€â”€â”€â”€â”€â”€â”€â”€â”€â”€â”€â”€â”€â”€â”€â”€â”€â”€â”€â”€â”€â”€â”€â”€â”€â”€â”€â”€â”€â”€â”€â”€â”€â”€â”€â”€â”€â”€â”€â”€â”€
SOLUCIÃ“N: Configurar variable de entorno
$ grep ENABLE_GROUPS_API /path/to/.env
# Si no estÃ¡, agregarla:
$ echo "ENABLE_GROUPS_API=true" >> /path/to/.env
$ sudo systemctl restart open-webui


PROBLEMA 5: 500 "No se encontrÃ³ la base de datos"
â”€â”€â”€â”€â”€â”€â”€â”€â”€â”€â”€â”€â”€â”€â”€â”€â”€â”€â”€â”€â”€â”€â”€â”€â”€â”€â”€â”€â”€â”€â”€â”€â”€â”€â”€â”€â”€â”€â”€â”€â”€â”€â”€â”€â”€â”€â”€â”€â”€â”€
SOLUCIÃ“N: Verificar ruta de la base de datos
$ ls -la /data/db.sqlite3

Si estÃ¡ en otra ubicaciÃ³n, editar groups_api.py:
$ sudo nano /usr/local/lib/python3.11/site-packages/open_webui/extensions/groups_api.py
# Cambiar: DB_PATH = Path("/data/db.sqlite3")
# Por:     DB_PATH = Path("/tu/ruta/real/db.sqlite3")


â•â•â•â•â•â•â•â•â•â•â•â•â•â•â•â•â•â•â•â•â•â•â•â•â•â•â•â•â•â•â•â•â•â•â•â•â•â•â•â•â•â•â•â•â•â•â•â•â•â•â•â•â•â•â•â•â•â•â•â•â•â•â•â•â•â•â•â•â•â•â•â•â•â•â•
VERIFICACIÃ“N FINAL
â”€â”€â”€â”€â”€â”€â”€â”€â”€â”€â”€â”€â”€â”€â”€â”€â”€â”€â”€â”€â”€â”€â”€â”€â”€â”€â”€â”€â”€â”€â”€â”€â”€â”€â”€â”€â”€â”€â”€â”€â”€â”€â”€â”€â”€â”€â”€â”€â”€â”€â”€â”€â”€â”€â”€â”€â”€â”€â”€â”€â”€â”€â”€â”€â”€â”€â”€â”€â”€â”€â”€â”€â”€â”€â”€â”€â”€

âœ… Script ejecutado sin errores
âœ… Variable ENABLE_GROUPS_API=true configurada
âœ… Servicio reiniciado
âœ… Logs muestran "router cargado"
âœ… /api/groups_ping devuelve {"ok": true}
âœ… /api/groups devuelve 200 o 401/403 (no 404)

Si todos los checks estÃ¡n OK, Â¡el parche estÃ¡ funcionando correctamente! ğŸ‰


â•â•â•â•â•â•â•â•â•â•â•â•â•â•â•â•â•â•â•â•â•â•â•â•â•â•â•â•â•â•â•â•â•â•â•â•â•â•â•â•â•â•â•â•â•â•â•â•â•â•â•â•â•â•â•â•â•â•â•â•â•â•â•â•â•â•â•â•â•â•â•â•â•â•â•
NOTAS ADICIONALES
â”€â”€â”€â”€â”€â”€â”€â”€â”€â”€â”€â”€â”€â”€â”€â”€â”€â”€â”€â”€â”€â”€â”€â”€â”€â”€â”€â”€â”€â”€â”€â”€â”€â”€â”€â”€â”€â”€â”€â”€â”€â”€â”€â”€â”€â”€â”€â”€â”€â”€â”€â”€â”€â”€â”€â”€â”€â”€â”€â”€â”€â”€â”€â”€â”€â”€â”€â”€â”€â”€â”€â”€â”€â”€â”€â”€â”€

â€¢ El script es IDEMPOTENTE: puedes ejecutarlo mÃºltiples veces sin problemas
â€¢ NO modifica archivos del proyecto local, solo site-packages
â€¢ Para revertir: pip install --force-reinstall open-webui==0.6.33
â€¢ El endpoint respeta la autenticaciÃ³n JWT de OpenWebUI
â€¢ Los grupos se leen directamente de la tabla 'groups' en SQLite


â•â•â•â•â•â•â•â•â•â•â•â•â•â•â•â•â•â•â•â•â•â•â•â•â•â•â•â•â•â•â•â•â•â•â•â•â•â•â•â•â•â•â•â•â•â•â•â•â•â•â•â•â•â•â•â•â•â•â•â•â•â•â•â•â•â•â•â•â•â•â•â•â•â•â•
